 
****************************************
Report : reference
Design : medianFilter
Version: F-2011.09-SP4
Date   : Tue Sep 25 03:10:33 2012
****************************************

Attributes:
    b - black box (unknown)
   bo - allows boundary optimization
    d - dont_touch
   mo - map_only
    h - hierarchical
    n - noncombinational
    r - removable
    s - synthetic operator
    u - contains unmapped logic

Reference          Library       Unit Area   Count    Total Area   Attributes
-----------------------------------------------------------------------------
AND4X1_HVT         saed32hvt_tt1p05v25c     2.541440       1     2.541440
AO21X1_HVT         saed32hvt_tt1p05v25c     2.541440       1     2.541440
AO22X1_HVT         saed32hvt_tt1p05v25c     2.541440       1     2.541440
DFFASX1_HVT        saed32hvt_tt1p05v25c     7.116032       7    49.812225 n
DFFSSRX1_HVT       saed32hvt_tt1p05v25c     7.370176      14   103.182462 n
DFFX1_HVT          saed32hvt_tt1p05v25c     6.607744       3    19.823233 n
HADDX1_HVT         saed32hvt_tt1p05v25c     3.303872       2     6.607744 r
INVX0_HVT          saed32hvt_tt1p05v25c     1.270720      23    29.226560
MUX21X1_HVT        saed32hvt_tt1p05v25c     3.303872       3     9.911616
NAND2X0_HVT        saed32hvt_tt1p05v25c     1.524864      21    32.022143
NAND2X0_RVT        saed32rvt_tt1p05v25c     1.524864       1     1.524864
NAND3X0_HVT        saed32hvt_tt1p05v25c     1.779008       3     5.337024
NAND3X1_HVT        saed32hvt_tt1p05v25c     2.795584       1     2.795584
NAND4X0_HVT        saed32hvt_tt1p05v25c     2.033152       4     8.132608
NBUFFX2_HVT        saed32hvt_tt1p05v25c     2.033152      10    20.331521
NBUFFX4_HVT        saed32hvt_tt1p05v25c     2.541440       1     2.541440
NOR2X0_HVT         saed32hvt_tt1p05v25c     2.541440       2     5.082880
NOR4X0_HVT         saed32hvt_tt1p05v25c     3.049728       1     3.049728
OA21X1_HVT         saed32hvt_tt1p05v25c     2.541440      11    27.955840
OA22X1_HVT         saed32hvt_tt1p05v25c     2.541440       1     2.541440
OA221X1_HVT        saed32hvt_tt1p05v25c     3.049728       2     6.099456
OAI22X1_HVT        saed32hvt_tt1p05v25c     3.049728       1     3.049728
OR2X1_HVT          saed32hvt_tt1p05v25c     2.033152       6    12.198913
OR3X1_HVT          saed32hvt_tt1p05v25c     2.287296       3     6.861888
SDFFARX1_HVT       saed32hvt_tt1p05v25c     9.149184       1     9.149184 n
SNPS_CLOCK_GATE_HIGH_control      5.845312       1      5.845312  b, h
median9                        2575.749476       1   2575.749476  h
windowBuf                     20460.117385       1  20460.117385  b, h, n
-----------------------------------------------------------------------------
Total 28 references                                 23416.574574

****************************************
Design: SNPS_CLOCK_GATE_HIGH_control 
****************************************
Reference          Library       Unit Area   Count    Total Area   Attributes
-----------------------------------------------------------------------------
CGLPPRX2_HVT       saed32hvt_tt1p05v25c     5.845312       1     5.845312 b, d
-----------------------------------------------------------------------------
Total 1 references                                      5.845312

****************************************
Design: median9 
****************************************
Reference          Library       Unit Area   Count    Total Area   Attributes
-----------------------------------------------------------------------------
AND2X1_HVT         saed32hvt_tt1p05v25c     2.033152      85   172.817929
AND2X1_RVT         saed32rvt_tt1p05v25c     2.033152       7    14.232065
AND2X2_HVT         saed32hvt_tt1p05v25c     2.287296       6    13.723776
AND3X1_HVT         saed32hvt_tt1p05v25c     2.287296      15    34.309441
AND3X1_RVT         saed32rvt_tt1p05v25c     2.287296       2     4.574592
AO21X1_HVT         saed32hvt_tt1p05v25c     2.541440      24    60.994560
AO21X1_LVT         saed32lvt_tt1p05v25c     2.541440       2     5.082880
AO21X1_RVT         saed32rvt_tt1p05v25c     2.541440       3     7.624320
AO21X2_HVT         saed32hvt_tt1p05v25c     2.795584       3     8.386752
AO21X2_RVT         saed32rvt_tt1p05v25c     2.795584       1     2.795584
AO22X1_HVT         saed32hvt_tt1p05v25c     2.541440      41   104.199040
AO22X1_RVT         saed32rvt_tt1p05v25c     2.541440       6    15.248640
AO22X2_HVT         saed32hvt_tt1p05v25c     2.795584       3     8.386752
AOI21X1_HVT        saed32hvt_tt1p05v25c     3.049728       3     9.149184
AOI22X1_HVT        saed32hvt_tt1p05v25c     3.049728       4    12.198912
AOI22X1_RVT        saed32rvt_tt1p05v25c     3.049728       1     3.049728
AOI22X2_HVT        saed32hvt_tt1p05v25c     3.303872       1     3.303872
FADDX1_HVT         saed32hvt_tt1p05v25c     4.828736       9    43.458622 r
FADDX2_HVT         saed32hvt_tt1p05v25c     5.337024       1     5.337024 r
INVX0_HVT          saed32hvt_tt1p05v25c     1.270720     246   312.597121
INVX0_RVT          saed32rvt_tt1p05v25c     1.270720       5     6.353600
INVX1_HVT          saed32hvt_tt1p05v25c     1.270720      43    54.640960
INVX1_RVT          saed32rvt_tt1p05v25c     1.270720       6     7.624320
INVX2_HVT          saed32hvt_tt1p05v25c     1.524864      38    57.944830
INVX4_HVT          saed32hvt_tt1p05v25c     2.033152       7    14.232065
MUX21X1_HVT        saed32hvt_tt1p05v25c     3.303872     175   578.177619
MUX21X1_RVT        saed32rvt_tt1p05v25c     3.303872       5    16.519361
MUX21X2_HVT        saed32hvt_tt1p05v25c     3.558016      15    53.370241
NAND2X0_HVT        saed32hvt_tt1p05v25c     1.524864     182   277.525240
NAND2X0_RVT        saed32rvt_tt1p05v25c     1.524864       6     9.149184
NAND2X1_HVT        saed32hvt_tt1p05v25c     2.541440       4    10.165760
NAND2X2_HVT        saed32hvt_tt1p05v25c     2.795584       2     5.591168
NAND3X0_HVT        saed32hvt_tt1p05v25c     1.779008       7    12.453056
NAND3X0_RVT        saed32rvt_tt1p05v25c     1.779008       2     3.558016
NAND4X0_RVT        saed32rvt_tt1p05v25c     2.033152       2     4.066304
NBUFFX2_HVT        saed32hvt_tt1p05v25c     2.033152      42    85.392388
NBUFFX4_HVT        saed32hvt_tt1p05v25c     2.541440       5    12.707200
NBUFFX8_HVT        saed32hvt_tt1p05v25c     3.812160       1     3.812160
NOR2X0_HVT         saed32hvt_tt1p05v25c     2.541440       4    10.165760
NOR3X0_HVT         saed32hvt_tt1p05v25c     2.795584       1     2.795584
NOR4X0_HVT         saed32hvt_tt1p05v25c     3.049728       1     3.049728
OA21X1_HVT         saed32hvt_tt1p05v25c     2.541440      58   147.403521
OA21X1_RVT         saed32rvt_tt1p05v25c     2.541440       4    10.165760
OA21X2_HVT         saed32hvt_tt1p05v25c     2.795584       3     8.386752
OA21X2_RVT         saed32rvt_tt1p05v25c     2.795584       1     2.795584
OA22X1_HVT         saed32hvt_tt1p05v25c     2.541440      36    91.491840
OA22X1_RVT         saed32rvt_tt1p05v25c     2.541440       4    10.165760
OA22X2_HVT         saed32hvt_tt1p05v25c     2.795584       2     5.591168
OAI22X1_HVT        saed32hvt_tt1p05v25c     3.049728       8    24.397823
OAI22X2_HVT        saed32hvt_tt1p05v25c     3.303872       1     3.303872
OR2X1_HVT          saed32hvt_tt1p05v25c     2.033152      64   130.121735
OR2X2_HVT          saed32hvt_tt1p05v25c     2.287296      10    22.872961
OR2X2_RVT          saed32rvt_tt1p05v25c     2.287296       1     2.287296
OR3X1_HVT          saed32hvt_tt1p05v25c     2.287296      19    43.458625
OR3X1_RVT          saed32rvt_tt1p05v25c     2.541440       1     2.541440
-----------------------------------------------------------------------------
Total 55 references                                  2575.749476

****************************************
Design: windowBuf 
****************************************
Reference          Library       Unit Area   Count    Total Area   Attributes
-----------------------------------------------------------------------------
AND2X1_HVT         saed32hvt_tt1p05v25c     2.033152     130   264.309773
AND3X1_HVT         saed32hvt_tt1p05v25c     2.287296       5    11.436480
AND4X1_HVT         saed32hvt_tt1p05v25c     2.541440      10    25.414400
AO21X1_HVT         saed32hvt_tt1p05v25c     2.541440      64   162.652161
AO22X1_HVT         saed32hvt_tt1p05v25c     2.541440    1024  2602.434570
DFFSSRX1_HVT       saed32hvt_tt1p05v25c     7.370176      57   420.100023 n
DFFX1_HVT          saed32hvt_tt1p05v25c     6.607744    2063 13631.776320 n
HADDX1_HVT         saed32hvt_tt1p05v25c     3.303872       6    19.823233 r
INVX0_HVT          saed32hvt_tt1p05v25c     1.270720      39    49.558080
INVX2_HVT          saed32hvt_tt1p05v25c     1.524864      47    71.668606
NAND3X0_HVT        saed32hvt_tt1p05v25c     1.779008       9    16.011072
NAND4X0_HVT        saed32hvt_tt1p05v25c     2.033152      16    32.530434
NBUFFX2_HVT        saed32hvt_tt1p05v25c     2.033152     662  1345.946692
NBUFFX4_HVT        saed32hvt_tt1p05v25c     2.541440       1     2.541440
NOR4X0_HVT         saed32hvt_tt1p05v25c     3.049728     256   780.730347
OA21X1_HVT         saed32hvt_tt1p05v25c     2.541440       3     7.624320
OA221X1_HVT        saed32hvt_tt1p05v25c     3.049728      64   195.182587
OR2X1_HVT          saed32hvt_tt1p05v25c     2.033152       3     6.099456
SDFFARX1_HVT       saed32hvt_tt1p05v25c     9.149184       3    27.447553 n
SDFFSSRX2_HVT      saed32hvt_tt1p05v25c     9.657472       4    38.629887 n
SNPS_CLOCK_GATE_HIGH_windowBuf_1     5.845312       1     5.845312 b, h
SNPS_CLOCK_GATE_HIGH_windowBuf_2     5.845312       1     5.845312 b, h
SNPS_CLOCK_GATE_HIGH_windowBuf_3     5.845312       1     5.845312 b, h
SNPS_CLOCK_GATE_HIGH_windowBuf_4     5.845312       1     5.845312 b, h
SNPS_CLOCK_GATE_HIGH_windowBuf_5     5.845312       1     5.845312 b, h
SNPS_CLOCK_GATE_HIGH_windowBuf_6     5.845312       1     5.845312 b, h
SNPS_CLOCK_GATE_HIGH_windowBuf_7     5.845312       1     5.845312 b, h
SNPS_CLOCK_GATE_HIGH_windowBuf_8     5.845312       1     5.845312 b, h
SNPS_CLOCK_GATE_HIGH_windowBuf_9     5.845312       1     5.845312 b, h
SNPS_CLOCK_GATE_HIGH_windowBuf_10     5.845312       1     5.845312 b, h
SNPS_CLOCK_GATE_HIGH_windowBuf_11     5.845312       1     5.845312 b, h
SNPS_CLOCK_GATE_HIGH_windowBuf_12     5.845312       1     5.845312 b, h
SNPS_CLOCK_GATE_HIGH_windowBuf_13     5.845312       1     5.845312 b, h
SNPS_CLOCK_GATE_HIGH_windowBuf_14     5.845312       1     5.845312 b, h
SNPS_CLOCK_GATE_HIGH_windowBuf_15     5.845312       1     5.845312 b, h
SNPS_CLOCK_GATE_HIGH_windowBuf_16     5.845312       1     5.845312 b, h
SNPS_CLOCK_GATE_HIGH_windowBuf_17     5.845312       1     5.845312 b, h
SNPS_CLOCK_GATE_HIGH_windowBuf_18     5.845312       1     5.845312 b, h
SNPS_CLOCK_GATE_HIGH_windowBuf_19     5.845312       1     5.845312 b, h
SNPS_CLOCK_GATE_HIGH_windowBuf_20     5.845312       1     5.845312 b, h
SNPS_CLOCK_GATE_HIGH_windowBuf_21     5.845312       1     5.845312 b, h
SNPS_CLOCK_GATE_HIGH_windowBuf_22     5.845312       1     5.845312 b, h
SNPS_CLOCK_GATE_HIGH_windowBuf_23     5.845312       1     5.845312 b, h
SNPS_CLOCK_GATE_HIGH_windowBuf_24     5.845312       1     5.845312 b, h
SNPS_CLOCK_GATE_HIGH_windowBuf_25     5.845312       1     5.845312 b, h
SNPS_CLOCK_GATE_HIGH_windowBuf_26     5.845312       1     5.845312 b, h
SNPS_CLOCK_GATE_HIGH_windowBuf_27     5.845312       1     5.845312 b, h
SNPS_CLOCK_GATE_HIGH_windowBuf_28     5.845312       1     5.845312 b, h
SNPS_CLOCK_GATE_HIGH_windowBuf_29     5.845312       1     5.845312 b, h
SNPS_CLOCK_GATE_HIGH_windowBuf_30     5.845312       1     5.845312 b, h
SNPS_CLOCK_GATE_HIGH_windowBuf_31     5.845312       1     5.845312 b, h
SNPS_CLOCK_GATE_HIGH_windowBuf_32     5.845312       1     5.845312 b, h
SNPS_CLOCK_GATE_HIGH_windowBuf_33     5.845312       1     5.845312 b, h
SNPS_CLOCK_GATE_HIGH_windowBuf_34     5.845312       1     5.845312 b, h
SNPS_CLOCK_GATE_HIGH_windowBuf_35     5.845312       1     5.845312 b, h
SNPS_CLOCK_GATE_HIGH_windowBuf_36     5.845312       1     5.845312 b, h
SNPS_CLOCK_GATE_HIGH_windowBuf_37     5.845312       1     5.845312 b, h
SNPS_CLOCK_GATE_HIGH_windowBuf_38     5.845312       1     5.845312 b, h
SNPS_CLOCK_GATE_HIGH_windowBuf_39     5.845312       1     5.845312 b, h
SNPS_CLOCK_GATE_HIGH_windowBuf_40     5.845312       1     5.845312 b, h
SNPS_CLOCK_GATE_HIGH_windowBuf_41     5.845312       1     5.845312 b, h
SNPS_CLOCK_GATE_HIGH_windowBuf_42     5.845312       1     5.845312 b, h
SNPS_CLOCK_GATE_HIGH_windowBuf_43     5.845312       1     5.845312 b, h
SNPS_CLOCK_GATE_HIGH_windowBuf_44     5.845312       1     5.845312 b, h
SNPS_CLOCK_GATE_HIGH_windowBuf_45     5.845312       1     5.845312 b, h
SNPS_CLOCK_GATE_HIGH_windowBuf_46     5.845312       1     5.845312 b, h
SNPS_CLOCK_GATE_HIGH_windowBuf_47     5.845312       1     5.845312 b, h
SNPS_CLOCK_GATE_HIGH_windowBuf_48     5.845312       1     5.845312 b, h
SNPS_CLOCK_GATE_HIGH_windowBuf_49     5.845312       1     5.845312 b, h
SNPS_CLOCK_GATE_HIGH_windowBuf_50     5.845312       1     5.845312 b, h
SNPS_CLOCK_GATE_HIGH_windowBuf_51     5.845312       1     5.845312 b, h
SNPS_CLOCK_GATE_HIGH_windowBuf_52     5.845312       1     5.845312 b, h
SNPS_CLOCK_GATE_HIGH_windowBuf_53     5.845312       1     5.845312 b, h
SNPS_CLOCK_GATE_HIGH_windowBuf_54     5.845312       1     5.845312 b, h
SNPS_CLOCK_GATE_HIGH_windowBuf_55     5.845312       1     5.845312 b, h
SNPS_CLOCK_GATE_HIGH_windowBuf_56     5.845312       1     5.845312 b, h
SNPS_CLOCK_GATE_HIGH_windowBuf_57     5.845312       1     5.845312 b, h
SNPS_CLOCK_GATE_HIGH_windowBuf_58     5.845312       1     5.845312 b, h
SNPS_CLOCK_GATE_HIGH_windowBuf_59     5.845312       1     5.845312 b, h
SNPS_CLOCK_GATE_HIGH_windowBuf_60     5.845312       1     5.845312 b, h
SNPS_CLOCK_GATE_HIGH_windowBuf_61     5.845312       1     5.845312 b, h
SNPS_CLOCK_GATE_HIGH_windowBuf_62     5.845312       1     5.845312 b, h
SNPS_CLOCK_GATE_HIGH_windowBuf_63     5.845312       1     5.845312 b, h
SNPS_CLOCK_GATE_HIGH_windowBuf_64     5.845312       1     5.845312 b, h
SNPS_CLOCK_GATE_HIGH_windowBuf_65     5.845312       1     5.845312 b, h
SNPS_CLOCK_GATE_HIGH_windowBuf_66     5.845312       1     5.845312 b, h
SNPS_CLOCK_GATE_HIGH_windowBuf_67     5.845312       1     5.845312 b, h
SNPS_CLOCK_GATE_HIGH_windowBuf_68     5.845312       1     5.845312 b, h
SNPS_CLOCK_GATE_HIGH_windowBuf_69     5.845312       1     5.845312 b, h
SNPS_CLOCK_GATE_HIGH_windowBuf_70     5.845312       1     5.845312 b, h
SNPS_CLOCK_GATE_HIGH_windowBuf_71     5.845312       1     5.845312 b, h
SNPS_CLOCK_GATE_HIGH_windowBuf_72     5.845312       1     5.845312 b, h
SNPS_CLOCK_GATE_HIGH_windowBuf_73     5.845312       1     5.845312 b, h
SNPS_CLOCK_GATE_HIGH_windowBuf_74     5.845312       1     5.845312 b, h
SNPS_CLOCK_GATE_HIGH_windowBuf_75     5.845312       1     5.845312 b, h
SNPS_CLOCK_GATE_HIGH_windowBuf_76     5.845312       1     5.845312 b, h
SNPS_CLOCK_GATE_HIGH_windowBuf_77     5.845312       1     5.845312 b, h
SNPS_CLOCK_GATE_HIGH_windowBuf_78     5.845312       1     5.845312 b, h
SNPS_CLOCK_GATE_HIGH_windowBuf_79     5.845312       1     5.845312 b, h
SNPS_CLOCK_GATE_HIGH_windowBuf_80     5.845312       1     5.845312 b, h
SNPS_CLOCK_GATE_HIGH_windowBuf_81     5.845312       1     5.845312 b, h
SNPS_CLOCK_GATE_HIGH_windowBuf_82     5.845312       1     5.845312 b, h
SNPS_CLOCK_GATE_HIGH_windowBuf_83     5.845312       1     5.845312 b, h
SNPS_CLOCK_GATE_HIGH_windowBuf_84     5.845312       1     5.845312 b, h
SNPS_CLOCK_GATE_HIGH_windowBuf_85     5.845312       1     5.845312 b, h
SNPS_CLOCK_GATE_HIGH_windowBuf_86     5.845312       1     5.845312 b, h
SNPS_CLOCK_GATE_HIGH_windowBuf_87     5.845312       1     5.845312 b, h
SNPS_CLOCK_GATE_HIGH_windowBuf_88     5.845312       1     5.845312 b, h
SNPS_CLOCK_GATE_HIGH_windowBuf_89     5.845312       1     5.845312 b, h
SNPS_CLOCK_GATE_HIGH_windowBuf_90     5.845312       1     5.845312 b, h
SNPS_CLOCK_GATE_HIGH_windowBuf_91     5.845312       1     5.845312 b, h
SNPS_CLOCK_GATE_HIGH_windowBuf_92     5.845312       1     5.845312 b, h
SNPS_CLOCK_GATE_HIGH_windowBuf_93     5.845312       1     5.845312 b, h
SNPS_CLOCK_GATE_HIGH_windowBuf_94     5.845312       1     5.845312 b, h
SNPS_CLOCK_GATE_HIGH_windowBuf_95     5.845312       1     5.845312 b, h
SNPS_CLOCK_GATE_HIGH_windowBuf_96     5.845312       1     5.845312 b, h
SNPS_CLOCK_GATE_HIGH_windowBuf_97     5.845312       1     5.845312 b, h
SNPS_CLOCK_GATE_HIGH_windowBuf_98     5.845312       1     5.845312 b, h
SNPS_CLOCK_GATE_HIGH_windowBuf_99     5.845312       1     5.845312 b, h
SNPS_CLOCK_GATE_HIGH_windowBuf_100     5.845312       1     5.845312 b, h
SNPS_CLOCK_GATE_HIGH_windowBuf_101     5.845312       1     5.845312 b, h
SNPS_CLOCK_GATE_HIGH_windowBuf_102     5.845312       1     5.845312 b, h
SNPS_CLOCK_GATE_HIGH_windowBuf_103     5.845312       1     5.845312 b, h
SNPS_CLOCK_GATE_HIGH_windowBuf_104     5.845312       1     5.845312 b, h
SNPS_CLOCK_GATE_HIGH_windowBuf_105     5.845312       1     5.845312 b, h
SNPS_CLOCK_GATE_HIGH_windowBuf_106     5.845312       1     5.845312 b, h
SNPS_CLOCK_GATE_HIGH_windowBuf_107     5.845312       1     5.845312 b, h
SNPS_CLOCK_GATE_HIGH_windowBuf_108     5.845312       1     5.845312 b, h
SNPS_CLOCK_GATE_HIGH_windowBuf_109     5.845312       1     5.845312 b, h
SNPS_CLOCK_GATE_HIGH_windowBuf_110     5.845312       1     5.845312 b, h
SNPS_CLOCK_GATE_HIGH_windowBuf_111     5.845312       1     5.845312 b, h
SNPS_CLOCK_GATE_HIGH_windowBuf_112     5.845312       1     5.845312 b, h
SNPS_CLOCK_GATE_HIGH_windowBuf_113     5.845312       1     5.845312 b, h
SNPS_CLOCK_GATE_HIGH_windowBuf_114     5.845312       1     5.845312 b, h
SNPS_CLOCK_GATE_HIGH_windowBuf_115     5.845312       1     5.845312 b, h
SNPS_CLOCK_GATE_HIGH_windowBuf_116     5.845312       1     5.845312 b, h
SNPS_CLOCK_GATE_HIGH_windowBuf_117     5.845312       1     5.845312 b, h
SNPS_CLOCK_GATE_HIGH_windowBuf_118     5.845312       1     5.845312 b, h
SNPS_CLOCK_GATE_HIGH_windowBuf_119     5.845312       1     5.845312 b, h
SNPS_CLOCK_GATE_HIGH_windowBuf_120     5.845312       1     5.845312 b, h
SNPS_CLOCK_GATE_HIGH_windowBuf_121     5.845312       1     5.845312 b, h
SNPS_CLOCK_GATE_HIGH_windowBuf_122     5.845312       1     5.845312 b, h
SNPS_CLOCK_GATE_HIGH_windowBuf_123     5.845312       1     5.845312 b, h
SNPS_CLOCK_GATE_HIGH_windowBuf_124     5.845312       1     5.845312 b, h
SNPS_CLOCK_GATE_HIGH_windowBuf_125     5.845312       1     5.845312 b, h
SNPS_CLOCK_GATE_HIGH_windowBuf_126     5.845312       1     5.845312 b, h
SNPS_CLOCK_GATE_HIGH_windowBuf_127     5.845312       1     5.845312 b, h
SNPS_CLOCK_GATE_HIGH_windowBuf_128     5.845312       1     5.845312 b, h
-----------------------------------------------------------------------------
Total 148 references                                20460.117385

****************************************
Design: SNPS_CLOCK_GATE_HIGH_windowBuf_1 
****************************************
Reference          Library       Unit Area   Count    Total Area   Attributes
-----------------------------------------------------------------------------
CGLPPRX2_HVT       saed32hvt_tt1p05v25c     5.845312       1     5.845312 b, d
-----------------------------------------------------------------------------
Total 1 references                                      5.845312

****************************************
Design: SNPS_CLOCK_GATE_HIGH_windowBuf_2 
****************************************
Reference          Library       Unit Area   Count    Total Area   Attributes
-----------------------------------------------------------------------------
CGLPPRX2_HVT       saed32hvt_tt1p05v25c     5.845312       1     5.845312 b, d
-----------------------------------------------------------------------------
Total 1 references                                      5.845312

****************************************
Design: SNPS_CLOCK_GATE_HIGH_windowBuf_3 
****************************************
Reference          Library       Unit Area   Count    Total Area   Attributes
-----------------------------------------------------------------------------
CGLPPRX2_HVT       saed32hvt_tt1p05v25c     5.845312       1     5.845312 b, d
-----------------------------------------------------------------------------
Total 1 references                                      5.845312

****************************************
Design: SNPS_CLOCK_GATE_HIGH_windowBuf_4 
****************************************
Reference          Library       Unit Area   Count    Total Area   Attributes
-----------------------------------------------------------------------------
CGLPPRX2_HVT       saed32hvt_tt1p05v25c     5.845312       1     5.845312 b, d
-----------------------------------------------------------------------------
Total 1 references                                      5.845312

****************************************
Design: SNPS_CLOCK_GATE_HIGH_windowBuf_5 
****************************************
Reference          Library       Unit Area   Count    Total Area   Attributes
-----------------------------------------------------------------------------
CGLPPRX2_HVT       saed32hvt_tt1p05v25c     5.845312       1     5.845312 b, d
-----------------------------------------------------------------------------
Total 1 references                                      5.845312

****************************************
Design: SNPS_CLOCK_GATE_HIGH_windowBuf_6 
****************************************
Reference          Library       Unit Area   Count    Total Area   Attributes
-----------------------------------------------------------------------------
CGLPPRX2_HVT       saed32hvt_tt1p05v25c     5.845312       1     5.845312 b, d
-----------------------------------------------------------------------------
Total 1 references                                      5.845312

****************************************
Design: SNPS_CLOCK_GATE_HIGH_windowBuf_7 
****************************************
Reference          Library       Unit Area   Count    Total Area   Attributes
-----------------------------------------------------------------------------
CGLPPRX2_HVT       saed32hvt_tt1p05v25c     5.845312       1     5.845312 b, d
-----------------------------------------------------------------------------
Total 1 references                                      5.845312

****************************************
Design: SNPS_CLOCK_GATE_HIGH_windowBuf_8 
****************************************
Reference          Library       Unit Area   Count    Total Area   Attributes
-----------------------------------------------------------------------------
CGLPPRX2_HVT       saed32hvt_tt1p05v25c     5.845312       1     5.845312 b, d
-----------------------------------------------------------------------------
Total 1 references                                      5.845312

****************************************
Design: SNPS_CLOCK_GATE_HIGH_windowBuf_9 
****************************************
Reference          Library       Unit Area   Count    Total Area   Attributes
-----------------------------------------------------------------------------
CGLPPRX2_HVT       saed32hvt_tt1p05v25c     5.845312       1     5.845312 b, d
-----------------------------------------------------------------------------
Total 1 references                                      5.845312

****************************************
Design: SNPS_CLOCK_GATE_HIGH_windowBuf_10 
****************************************
Reference          Library       Unit Area   Count    Total Area   Attributes
-----------------------------------------------------------------------------
CGLPPRX2_HVT       saed32hvt_tt1p05v25c     5.845312       1     5.845312 b, d
-----------------------------------------------------------------------------
Total 1 references                                      5.845312

****************************************
Design: SNPS_CLOCK_GATE_HIGH_windowBuf_11 
****************************************
Reference          Library       Unit Area   Count    Total Area   Attributes
-----------------------------------------------------------------------------
CGLPPRX2_HVT       saed32hvt_tt1p05v25c     5.845312       1     5.845312 b, d
-----------------------------------------------------------------------------
Total 1 references                                      5.845312

****************************************
Design: SNPS_CLOCK_GATE_HIGH_windowBuf_12 
****************************************
Reference          Library       Unit Area   Count    Total Area   Attributes
-----------------------------------------------------------------------------
CGLPPRX2_HVT       saed32hvt_tt1p05v25c     5.845312       1     5.845312 b, d
-----------------------------------------------------------------------------
Total 1 references                                      5.845312

****************************************
Design: SNPS_CLOCK_GATE_HIGH_windowBuf_13 
****************************************
Reference          Library       Unit Area   Count    Total Area   Attributes
-----------------------------------------------------------------------------
CGLPPRX2_HVT       saed32hvt_tt1p05v25c     5.845312       1     5.845312 b, d
-----------------------------------------------------------------------------
Total 1 references                                      5.845312

****************************************
Design: SNPS_CLOCK_GATE_HIGH_windowBuf_14 
****************************************
Reference          Library       Unit Area   Count    Total Area   Attributes
-----------------------------------------------------------------------------
CGLPPRX2_HVT       saed32hvt_tt1p05v25c     5.845312       1     5.845312 b, d
-----------------------------------------------------------------------------
Total 1 references                                      5.845312

****************************************
Design: SNPS_CLOCK_GATE_HIGH_windowBuf_15 
****************************************
Reference          Library       Unit Area   Count    Total Area   Attributes
-----------------------------------------------------------------------------
CGLPPRX2_HVT       saed32hvt_tt1p05v25c     5.845312       1     5.845312 b, d
-----------------------------------------------------------------------------
Total 1 references                                      5.845312

****************************************
Design: SNPS_CLOCK_GATE_HIGH_windowBuf_16 
****************************************
Reference          Library       Unit Area   Count    Total Area   Attributes
-----------------------------------------------------------------------------
CGLPPRX2_HVT       saed32hvt_tt1p05v25c     5.845312       1     5.845312 b, d
-----------------------------------------------------------------------------
Total 1 references                                      5.845312

****************************************
Design: SNPS_CLOCK_GATE_HIGH_windowBuf_17 
****************************************
Reference          Library       Unit Area   Count    Total Area   Attributes
-----------------------------------------------------------------------------
CGLPPRX2_HVT       saed32hvt_tt1p05v25c     5.845312       1     5.845312 b, d
-----------------------------------------------------------------------------
Total 1 references                                      5.845312

****************************************
Design: SNPS_CLOCK_GATE_HIGH_windowBuf_18 
****************************************
Reference          Library       Unit Area   Count    Total Area   Attributes
-----------------------------------------------------------------------------
CGLPPRX2_HVT       saed32hvt_tt1p05v25c     5.845312       1     5.845312 b, d
-----------------------------------------------------------------------------
Total 1 references                                      5.845312

****************************************
Design: SNPS_CLOCK_GATE_HIGH_windowBuf_19 
****************************************
Reference          Library       Unit Area   Count    Total Area   Attributes
-----------------------------------------------------------------------------
CGLPPRX2_HVT       saed32hvt_tt1p05v25c     5.845312       1     5.845312 b, d
-----------------------------------------------------------------------------
Total 1 references                                      5.845312

****************************************
Design: SNPS_CLOCK_GATE_HIGH_windowBuf_20 
****************************************
Reference          Library       Unit Area   Count    Total Area   Attributes
-----------------------------------------------------------------------------
CGLPPRX2_HVT       saed32hvt_tt1p05v25c     5.845312       1     5.845312 b, d
-----------------------------------------------------------------------------
Total 1 references                                      5.845312

****************************************
Design: SNPS_CLOCK_GATE_HIGH_windowBuf_21 
****************************************
Reference          Library       Unit Area   Count    Total Area   Attributes
-----------------------------------------------------------------------------
CGLPPRX2_HVT       saed32hvt_tt1p05v25c     5.845312       1     5.845312 b, d
-----------------------------------------------------------------------------
Total 1 references                                      5.845312

****************************************
Design: SNPS_CLOCK_GATE_HIGH_windowBuf_22 
****************************************
Reference          Library       Unit Area   Count    Total Area   Attributes
-----------------------------------------------------------------------------
CGLPPRX2_HVT       saed32hvt_tt1p05v25c     5.845312       1     5.845312 b, d
-----------------------------------------------------------------------------
Total 1 references                                      5.845312

****************************************
Design: SNPS_CLOCK_GATE_HIGH_windowBuf_23 
****************************************
Reference          Library       Unit Area   Count    Total Area   Attributes
-----------------------------------------------------------------------------
CGLPPRX2_HVT       saed32hvt_tt1p05v25c     5.845312       1     5.845312 b, d
-----------------------------------------------------------------------------
Total 1 references                                      5.845312

****************************************
Design: SNPS_CLOCK_GATE_HIGH_windowBuf_24 
****************************************
Reference          Library       Unit Area   Count    Total Area   Attributes
-----------------------------------------------------------------------------
CGLPPRX2_HVT       saed32hvt_tt1p05v25c     5.845312       1     5.845312 b, d
-----------------------------------------------------------------------------
Total 1 references                                      5.845312

****************************************
Design: SNPS_CLOCK_GATE_HIGH_windowBuf_25 
****************************************
Reference          Library       Unit Area   Count    Total Area   Attributes
-----------------------------------------------------------------------------
CGLPPRX2_HVT       saed32hvt_tt1p05v25c     5.845312       1     5.845312 b, d
-----------------------------------------------------------------------------
Total 1 references                                      5.845312

****************************************
Design: SNPS_CLOCK_GATE_HIGH_windowBuf_26 
****************************************
Reference          Library       Unit Area   Count    Total Area   Attributes
-----------------------------------------------------------------------------
CGLPPRX2_HVT       saed32hvt_tt1p05v25c     5.845312       1     5.845312 b, d
-----------------------------------------------------------------------------
Total 1 references                                      5.845312

****************************************
Design: SNPS_CLOCK_GATE_HIGH_windowBuf_27 
****************************************
Reference          Library       Unit Area   Count    Total Area   Attributes
-----------------------------------------------------------------------------
CGLPPRX2_HVT       saed32hvt_tt1p05v25c     5.845312       1     5.845312 b, d
-----------------------------------------------------------------------------
Total 1 references                                      5.845312

****************************************
Design: SNPS_CLOCK_GATE_HIGH_windowBuf_28 
****************************************
Reference          Library       Unit Area   Count    Total Area   Attributes
-----------------------------------------------------------------------------
CGLPPRX2_HVT       saed32hvt_tt1p05v25c     5.845312       1     5.845312 b, d
-----------------------------------------------------------------------------
Total 1 references                                      5.845312

****************************************
Design: SNPS_CLOCK_GATE_HIGH_windowBuf_29 
****************************************
Reference          Library       Unit Area   Count    Total Area   Attributes
-----------------------------------------------------------------------------
CGLPPRX2_HVT       saed32hvt_tt1p05v25c     5.845312       1     5.845312 b, d
-----------------------------------------------------------------------------
Total 1 references                                      5.845312

****************************************
Design: SNPS_CLOCK_GATE_HIGH_windowBuf_30 
****************************************
Reference          Library       Unit Area   Count    Total Area   Attributes
-----------------------------------------------------------------------------
CGLPPRX2_HVT       saed32hvt_tt1p05v25c     5.845312       1     5.845312 b, d
-----------------------------------------------------------------------------
Total 1 references                                      5.845312

****************************************
Design: SNPS_CLOCK_GATE_HIGH_windowBuf_31 
****************************************
Reference          Library       Unit Area   Count    Total Area   Attributes
-----------------------------------------------------------------------------
CGLPPRX2_HVT       saed32hvt_tt1p05v25c     5.845312       1     5.845312 b, d
-----------------------------------------------------------------------------
Total 1 references                                      5.845312

****************************************
Design: SNPS_CLOCK_GATE_HIGH_windowBuf_32 
****************************************
Reference          Library       Unit Area   Count    Total Area   Attributes
-----------------------------------------------------------------------------
CGLPPRX2_HVT       saed32hvt_tt1p05v25c     5.845312       1     5.845312 b, d
-----------------------------------------------------------------------------
Total 1 references                                      5.845312

****************************************
Design: SNPS_CLOCK_GATE_HIGH_windowBuf_33 
****************************************
Reference          Library       Unit Area   Count    Total Area   Attributes
-----------------------------------------------------------------------------
CGLPPRX2_HVT       saed32hvt_tt1p05v25c     5.845312       1     5.845312 b, d
-----------------------------------------------------------------------------
Total 1 references                                      5.845312

****************************************
Design: SNPS_CLOCK_GATE_HIGH_windowBuf_34 
****************************************
Reference          Library       Unit Area   Count    Total Area   Attributes
-----------------------------------------------------------------------------
CGLPPRX2_HVT       saed32hvt_tt1p05v25c     5.845312       1     5.845312 b, d
-----------------------------------------------------------------------------
Total 1 references                                      5.845312

****************************************
Design: SNPS_CLOCK_GATE_HIGH_windowBuf_35 
****************************************
Reference          Library       Unit Area   Count    Total Area   Attributes
-----------------------------------------------------------------------------
CGLPPRX2_HVT       saed32hvt_tt1p05v25c     5.845312       1     5.845312 b, d
-----------------------------------------------------------------------------
Total 1 references                                      5.845312

****************************************
Design: SNPS_CLOCK_GATE_HIGH_windowBuf_36 
****************************************
Reference          Library       Unit Area   Count    Total Area   Attributes
-----------------------------------------------------------------------------
CGLPPRX2_HVT       saed32hvt_tt1p05v25c     5.845312       1     5.845312 b, d
-----------------------------------------------------------------------------
Total 1 references                                      5.845312

****************************************
Design: SNPS_CLOCK_GATE_HIGH_windowBuf_37 
****************************************
Reference          Library       Unit Area   Count    Total Area   Attributes
-----------------------------------------------------------------------------
CGLPPRX2_HVT       saed32hvt_tt1p05v25c     5.845312       1     5.845312 b, d
-----------------------------------------------------------------------------
Total 1 references                                      5.845312

****************************************
Design: SNPS_CLOCK_GATE_HIGH_windowBuf_38 
****************************************
Reference          Library       Unit Area   Count    Total Area   Attributes
-----------------------------------------------------------------------------
CGLPPRX2_HVT       saed32hvt_tt1p05v25c     5.845312       1     5.845312 b, d
-----------------------------------------------------------------------------
Total 1 references                                      5.845312

****************************************
Design: SNPS_CLOCK_GATE_HIGH_windowBuf_39 
****************************************
Reference          Library       Unit Area   Count    Total Area   Attributes
-----------------------------------------------------------------------------
CGLPPRX2_HVT       saed32hvt_tt1p05v25c     5.845312       1     5.845312 b, d
-----------------------------------------------------------------------------
Total 1 references                                      5.845312

****************************************
Design: SNPS_CLOCK_GATE_HIGH_windowBuf_40 
****************************************
Reference          Library       Unit Area   Count    Total Area   Attributes
-----------------------------------------------------------------------------
CGLPPRX2_HVT       saed32hvt_tt1p05v25c     5.845312       1     5.845312 b, d
-----------------------------------------------------------------------------
Total 1 references                                      5.845312

****************************************
Design: SNPS_CLOCK_GATE_HIGH_windowBuf_41 
****************************************
Reference          Library       Unit Area   Count    Total Area   Attributes
-----------------------------------------------------------------------------
CGLPPRX2_HVT       saed32hvt_tt1p05v25c     5.845312       1     5.845312 b, d
-----------------------------------------------------------------------------
Total 1 references                                      5.845312

****************************************
Design: SNPS_CLOCK_GATE_HIGH_windowBuf_42 
****************************************
Reference          Library       Unit Area   Count    Total Area   Attributes
-----------------------------------------------------------------------------
CGLPPRX2_HVT       saed32hvt_tt1p05v25c     5.845312       1     5.845312 b, d
-----------------------------------------------------------------------------
Total 1 references                                      5.845312

****************************************
Design: SNPS_CLOCK_GATE_HIGH_windowBuf_43 
****************************************
Reference          Library       Unit Area   Count    Total Area   Attributes
-----------------------------------------------------------------------------
CGLPPRX2_HVT       saed32hvt_tt1p05v25c     5.845312       1     5.845312 b, d
-----------------------------------------------------------------------------
Total 1 references                                      5.845312

****************************************
Design: SNPS_CLOCK_GATE_HIGH_windowBuf_44 
****************************************
Reference          Library       Unit Area   Count    Total Area   Attributes
-----------------------------------------------------------------------------
CGLPPRX2_HVT       saed32hvt_tt1p05v25c     5.845312       1     5.845312 b, d
-----------------------------------------------------------------------------
Total 1 references                                      5.845312

****************************************
Design: SNPS_CLOCK_GATE_HIGH_windowBuf_45 
****************************************
Reference          Library       Unit Area   Count    Total Area   Attributes
-----------------------------------------------------------------------------
CGLPPRX2_HVT       saed32hvt_tt1p05v25c     5.845312       1     5.845312 b, d
-----------------------------------------------------------------------------
Total 1 references                                      5.845312

****************************************
Design: SNPS_CLOCK_GATE_HIGH_windowBuf_46 
****************************************
Reference          Library       Unit Area   Count    Total Area   Attributes
-----------------------------------------------------------------------------
CGLPPRX2_HVT       saed32hvt_tt1p05v25c     5.845312       1     5.845312 b, d
-----------------------------------------------------------------------------
Total 1 references                                      5.845312

****************************************
Design: SNPS_CLOCK_GATE_HIGH_windowBuf_47 
****************************************
Reference          Library       Unit Area   Count    Total Area   Attributes
-----------------------------------------------------------------------------
CGLPPRX2_HVT       saed32hvt_tt1p05v25c     5.845312       1     5.845312 b, d
-----------------------------------------------------------------------------
Total 1 references                                      5.845312

****************************************
Design: SNPS_CLOCK_GATE_HIGH_windowBuf_48 
****************************************
Reference          Library       Unit Area   Count    Total Area   Attributes
-----------------------------------------------------------------------------
CGLPPRX2_HVT       saed32hvt_tt1p05v25c     5.845312       1     5.845312 b, d
-----------------------------------------------------------------------------
Total 1 references                                      5.845312

****************************************
Design: SNPS_CLOCK_GATE_HIGH_windowBuf_49 
****************************************
Reference          Library       Unit Area   Count    Total Area   Attributes
-----------------------------------------------------------------------------
CGLPPRX2_HVT       saed32hvt_tt1p05v25c     5.845312       1     5.845312 b, d
-----------------------------------------------------------------------------
Total 1 references                                      5.845312

****************************************
Design: SNPS_CLOCK_GATE_HIGH_windowBuf_50 
****************************************
Reference          Library       Unit Area   Count    Total Area   Attributes
-----------------------------------------------------------------------------
CGLPPRX2_HVT       saed32hvt_tt1p05v25c     5.845312       1     5.845312 b, d
-----------------------------------------------------------------------------
Total 1 references                                      5.845312

****************************************
Design: SNPS_CLOCK_GATE_HIGH_windowBuf_51 
****************************************
Reference          Library       Unit Area   Count    Total Area   Attributes
-----------------------------------------------------------------------------
CGLPPRX2_HVT       saed32hvt_tt1p05v25c     5.845312       1     5.845312 b, d
-----------------------------------------------------------------------------
Total 1 references                                      5.845312

****************************************
Design: SNPS_CLOCK_GATE_HIGH_windowBuf_52 
****************************************
Reference          Library       Unit Area   Count    Total Area   Attributes
-----------------------------------------------------------------------------
CGLPPRX2_HVT       saed32hvt_tt1p05v25c     5.845312       1     5.845312 b, d
-----------------------------------------------------------------------------
Total 1 references                                      5.845312

****************************************
Design: SNPS_CLOCK_GATE_HIGH_windowBuf_53 
****************************************
Reference          Library       Unit Area   Count    Total Area   Attributes
-----------------------------------------------------------------------------
CGLPPRX2_HVT       saed32hvt_tt1p05v25c     5.845312       1     5.845312 b, d
-----------------------------------------------------------------------------
Total 1 references                                      5.845312

****************************************
Design: SNPS_CLOCK_GATE_HIGH_windowBuf_54 
****************************************
Reference          Library       Unit Area   Count    Total Area   Attributes
-----------------------------------------------------------------------------
CGLPPRX2_HVT       saed32hvt_tt1p05v25c     5.845312       1     5.845312 b, d
-----------------------------------------------------------------------------
Total 1 references                                      5.845312

****************************************
Design: SNPS_CLOCK_GATE_HIGH_windowBuf_55 
****************************************
Reference          Library       Unit Area   Count    Total Area   Attributes
-----------------------------------------------------------------------------
CGLPPRX2_HVT       saed32hvt_tt1p05v25c     5.845312       1     5.845312 b, d
-----------------------------------------------------------------------------
Total 1 references                                      5.845312

****************************************
Design: SNPS_CLOCK_GATE_HIGH_windowBuf_56 
****************************************
Reference          Library       Unit Area   Count    Total Area   Attributes
-----------------------------------------------------------------------------
CGLPPRX2_HVT       saed32hvt_tt1p05v25c     5.845312       1     5.845312 b, d
-----------------------------------------------------------------------------
Total 1 references                                      5.845312

****************************************
Design: SNPS_CLOCK_GATE_HIGH_windowBuf_57 
****************************************
Reference          Library       Unit Area   Count    Total Area   Attributes
-----------------------------------------------------------------------------
CGLPPRX2_HVT       saed32hvt_tt1p05v25c     5.845312       1     5.845312 b, d
-----------------------------------------------------------------------------
Total 1 references                                      5.845312

****************************************
Design: SNPS_CLOCK_GATE_HIGH_windowBuf_58 
****************************************
Reference          Library       Unit Area   Count    Total Area   Attributes
-----------------------------------------------------------------------------
CGLPPRX2_HVT       saed32hvt_tt1p05v25c     5.845312       1     5.845312 b, d
-----------------------------------------------------------------------------
Total 1 references                                      5.845312

****************************************
Design: SNPS_CLOCK_GATE_HIGH_windowBuf_59 
****************************************
Reference          Library       Unit Area   Count    Total Area   Attributes
-----------------------------------------------------------------------------
CGLPPRX2_HVT       saed32hvt_tt1p05v25c     5.845312       1     5.845312 b, d
-----------------------------------------------------------------------------
Total 1 references                                      5.845312

****************************************
Design: SNPS_CLOCK_GATE_HIGH_windowBuf_60 
****************************************
Reference          Library       Unit Area   Count    Total Area   Attributes
-----------------------------------------------------------------------------
CGLPPRX2_HVT       saed32hvt_tt1p05v25c     5.845312       1     5.845312 b, d
-----------------------------------------------------------------------------
Total 1 references                                      5.845312

****************************************
Design: SNPS_CLOCK_GATE_HIGH_windowBuf_61 
****************************************
Reference          Library       Unit Area   Count    Total Area   Attributes
-----------------------------------------------------------------------------
CGLPPRX2_HVT       saed32hvt_tt1p05v25c     5.845312       1     5.845312 b, d
-----------------------------------------------------------------------------
Total 1 references                                      5.845312

****************************************
Design: SNPS_CLOCK_GATE_HIGH_windowBuf_62 
****************************************
Reference          Library       Unit Area   Count    Total Area   Attributes
-----------------------------------------------------------------------------
CGLPPRX2_HVT       saed32hvt_tt1p05v25c     5.845312       1     5.845312 b, d
-----------------------------------------------------------------------------
Total 1 references                                      5.845312

****************************************
Design: SNPS_CLOCK_GATE_HIGH_windowBuf_63 
****************************************
Reference          Library       Unit Area   Count    Total Area   Attributes
-----------------------------------------------------------------------------
CGLPPRX2_HVT       saed32hvt_tt1p05v25c     5.845312       1     5.845312 b, d
-----------------------------------------------------------------------------
Total 1 references                                      5.845312

****************************************
Design: SNPS_CLOCK_GATE_HIGH_windowBuf_64 
****************************************
Reference          Library       Unit Area   Count    Total Area   Attributes
-----------------------------------------------------------------------------
CGLPPRX2_HVT       saed32hvt_tt1p05v25c     5.845312       1     5.845312 b, d
-----------------------------------------------------------------------------
Total 1 references                                      5.845312

****************************************
Design: SNPS_CLOCK_GATE_HIGH_windowBuf_65 
****************************************
Reference          Library       Unit Area   Count    Total Area   Attributes
-----------------------------------------------------------------------------
CGLPPRX2_HVT       saed32hvt_tt1p05v25c     5.845312       1     5.845312 b, d
-----------------------------------------------------------------------------
Total 1 references                                      5.845312

****************************************
Design: SNPS_CLOCK_GATE_HIGH_windowBuf_66 
****************************************
Reference          Library       Unit Area   Count    Total Area   Attributes
-----------------------------------------------------------------------------
CGLPPRX2_HVT       saed32hvt_tt1p05v25c     5.845312       1     5.845312 b, d
-----------------------------------------------------------------------------
Total 1 references                                      5.845312

****************************************
Design: SNPS_CLOCK_GATE_HIGH_windowBuf_67 
****************************************
Reference          Library       Unit Area   Count    Total Area   Attributes
-----------------------------------------------------------------------------
CGLPPRX2_HVT       saed32hvt_tt1p05v25c     5.845312       1     5.845312 b, d
-----------------------------------------------------------------------------
Total 1 references                                      5.845312

****************************************
Design: SNPS_CLOCK_GATE_HIGH_windowBuf_68 
****************************************
Reference          Library       Unit Area   Count    Total Area   Attributes
-----------------------------------------------------------------------------
CGLPPRX2_HVT       saed32hvt_tt1p05v25c     5.845312       1     5.845312 b, d
-----------------------------------------------------------------------------
Total 1 references                                      5.845312

****************************************
Design: SNPS_CLOCK_GATE_HIGH_windowBuf_69 
****************************************
Reference          Library       Unit Area   Count    Total Area   Attributes
-----------------------------------------------------------------------------
CGLPPRX2_HVT       saed32hvt_tt1p05v25c     5.845312       1     5.845312 b, d
-----------------------------------------------------------------------------
Total 1 references                                      5.845312

****************************************
Design: SNPS_CLOCK_GATE_HIGH_windowBuf_70 
****************************************
Reference          Library       Unit Area   Count    Total Area   Attributes
-----------------------------------------------------------------------------
CGLPPRX2_HVT       saed32hvt_tt1p05v25c     5.845312       1     5.845312 b, d
-----------------------------------------------------------------------------
Total 1 references                                      5.845312

****************************************
Design: SNPS_CLOCK_GATE_HIGH_windowBuf_71 
****************************************
Reference          Library       Unit Area   Count    Total Area   Attributes
-----------------------------------------------------------------------------
CGLPPRX2_HVT       saed32hvt_tt1p05v25c     5.845312       1     5.845312 b, d
-----------------------------------------------------------------------------
Total 1 references                                      5.845312

****************************************
Design: SNPS_CLOCK_GATE_HIGH_windowBuf_72 
****************************************
Reference          Library       Unit Area   Count    Total Area   Attributes
-----------------------------------------------------------------------------
CGLPPRX2_HVT       saed32hvt_tt1p05v25c     5.845312       1     5.845312 b, d
-----------------------------------------------------------------------------
Total 1 references                                      5.845312

****************************************
Design: SNPS_CLOCK_GATE_HIGH_windowBuf_73 
****************************************
Reference          Library       Unit Area   Count    Total Area   Attributes
-----------------------------------------------------------------------------
CGLPPRX2_HVT       saed32hvt_tt1p05v25c     5.845312       1     5.845312 b, d
-----------------------------------------------------------------------------
Total 1 references                                      5.845312

****************************************
Design: SNPS_CLOCK_GATE_HIGH_windowBuf_74 
****************************************
Reference          Library       Unit Area   Count    Total Area   Attributes
-----------------------------------------------------------------------------
CGLPPRX2_HVT       saed32hvt_tt1p05v25c     5.845312       1     5.845312 b, d
-----------------------------------------------------------------------------
Total 1 references                                      5.845312

****************************************
Design: SNPS_CLOCK_GATE_HIGH_windowBuf_75 
****************************************
Reference          Library       Unit Area   Count    Total Area   Attributes
-----------------------------------------------------------------------------
CGLPPRX2_HVT       saed32hvt_tt1p05v25c     5.845312       1     5.845312 b, d
-----------------------------------------------------------------------------
Total 1 references                                      5.845312

****************************************
Design: SNPS_CLOCK_GATE_HIGH_windowBuf_76 
****************************************
Reference          Library       Unit Area   Count    Total Area   Attributes
-----------------------------------------------------------------------------
CGLPPRX2_HVT       saed32hvt_tt1p05v25c     5.845312       1     5.845312 b, d
-----------------------------------------------------------------------------
Total 1 references                                      5.845312

****************************************
Design: SNPS_CLOCK_GATE_HIGH_windowBuf_77 
****************************************
Reference          Library       Unit Area   Count    Total Area   Attributes
-----------------------------------------------------------------------------
CGLPPRX2_HVT       saed32hvt_tt1p05v25c     5.845312       1     5.845312 b, d
-----------------------------------------------------------------------------
Total 1 references                                      5.845312

****************************************
Design: SNPS_CLOCK_GATE_HIGH_windowBuf_78 
****************************************
Reference          Library       Unit Area   Count    Total Area   Attributes
-----------------------------------------------------------------------------
CGLPPRX2_HVT       saed32hvt_tt1p05v25c     5.845312       1     5.845312 b, d
-----------------------------------------------------------------------------
Total 1 references                                      5.845312

****************************************
Design: SNPS_CLOCK_GATE_HIGH_windowBuf_79 
****************************************
Reference          Library       Unit Area   Count    Total Area   Attributes
-----------------------------------------------------------------------------
CGLPPRX2_HVT       saed32hvt_tt1p05v25c     5.845312       1     5.845312 b, d
-----------------------------------------------------------------------------
Total 1 references                                      5.845312

****************************************
Design: SNPS_CLOCK_GATE_HIGH_windowBuf_80 
****************************************
Reference          Library       Unit Area   Count    Total Area   Attributes
-----------------------------------------------------------------------------
CGLPPRX2_HVT       saed32hvt_tt1p05v25c     5.845312       1     5.845312 b, d
-----------------------------------------------------------------------------
Total 1 references                                      5.845312

****************************************
Design: SNPS_CLOCK_GATE_HIGH_windowBuf_81 
****************************************
Reference          Library       Unit Area   Count    Total Area   Attributes
-----------------------------------------------------------------------------
CGLPPRX2_HVT       saed32hvt_tt1p05v25c     5.845312       1     5.845312 b, d
-----------------------------------------------------------------------------
Total 1 references                                      5.845312

****************************************
Design: SNPS_CLOCK_GATE_HIGH_windowBuf_82 
****************************************
Reference          Library       Unit Area   Count    Total Area   Attributes
-----------------------------------------------------------------------------
CGLPPRX2_HVT       saed32hvt_tt1p05v25c     5.845312       1     5.845312 b, d
-----------------------------------------------------------------------------
Total 1 references                                      5.845312

****************************************
Design: SNPS_CLOCK_GATE_HIGH_windowBuf_83 
****************************************
Reference          Library       Unit Area   Count    Total Area   Attributes
-----------------------------------------------------------------------------
CGLPPRX2_HVT       saed32hvt_tt1p05v25c     5.845312       1     5.845312 b, d
-----------------------------------------------------------------------------
Total 1 references                                      5.845312

****************************************
Design: SNPS_CLOCK_GATE_HIGH_windowBuf_84 
****************************************
Reference          Library       Unit Area   Count    Total Area   Attributes
-----------------------------------------------------------------------------
CGLPPRX2_HVT       saed32hvt_tt1p05v25c     5.845312       1     5.845312 b, d
-----------------------------------------------------------------------------
Total 1 references                                      5.845312

****************************************
Design: SNPS_CLOCK_GATE_HIGH_windowBuf_85 
****************************************
Reference          Library       Unit Area   Count    Total Area   Attributes
-----------------------------------------------------------------------------
CGLPPRX2_HVT       saed32hvt_tt1p05v25c     5.845312       1     5.845312 b, d
-----------------------------------------------------------------------------
Total 1 references                                      5.845312

****************************************
Design: SNPS_CLOCK_GATE_HIGH_windowBuf_86 
****************************************
Reference          Library       Unit Area   Count    Total Area   Attributes
-----------------------------------------------------------------------------
CGLPPRX2_HVT       saed32hvt_tt1p05v25c     5.845312       1     5.845312 b, d
-----------------------------------------------------------------------------
Total 1 references                                      5.845312

****************************************
Design: SNPS_CLOCK_GATE_HIGH_windowBuf_87 
****************************************
Reference          Library       Unit Area   Count    Total Area   Attributes
-----------------------------------------------------------------------------
CGLPPRX2_HVT       saed32hvt_tt1p05v25c     5.845312       1     5.845312 b, d
-----------------------------------------------------------------------------
Total 1 references                                      5.845312

****************************************
Design: SNPS_CLOCK_GATE_HIGH_windowBuf_88 
****************************************
Reference          Library       Unit Area   Count    Total Area   Attributes
-----------------------------------------------------------------------------
CGLPPRX2_HVT       saed32hvt_tt1p05v25c     5.845312       1     5.845312 b, d
-----------------------------------------------------------------------------
Total 1 references                                      5.845312

****************************************
Design: SNPS_CLOCK_GATE_HIGH_windowBuf_89 
****************************************
Reference          Library       Unit Area   Count    Total Area   Attributes
-----------------------------------------------------------------------------
CGLPPRX2_HVT       saed32hvt_tt1p05v25c     5.845312       1     5.845312 b, d
-----------------------------------------------------------------------------
Total 1 references                                      5.845312

****************************************
Design: SNPS_CLOCK_GATE_HIGH_windowBuf_90 
****************************************
Reference          Library       Unit Area   Count    Total Area   Attributes
-----------------------------------------------------------------------------
CGLPPRX2_HVT       saed32hvt_tt1p05v25c     5.845312       1     5.845312 b, d
-----------------------------------------------------------------------------
Total 1 references                                      5.845312

****************************************
Design: SNPS_CLOCK_GATE_HIGH_windowBuf_91 
****************************************
Reference          Library       Unit Area   Count    Total Area   Attributes
-----------------------------------------------------------------------------
CGLPPRX2_HVT       saed32hvt_tt1p05v25c     5.845312       1     5.845312 b, d
-----------------------------------------------------------------------------
Total 1 references                                      5.845312

****************************************
Design: SNPS_CLOCK_GATE_HIGH_windowBuf_92 
****************************************
Reference          Library       Unit Area   Count    Total Area   Attributes
-----------------------------------------------------------------------------
CGLPPRX2_HVT       saed32hvt_tt1p05v25c     5.845312       1     5.845312 b, d
-----------------------------------------------------------------------------
Total 1 references                                      5.845312

****************************************
Design: SNPS_CLOCK_GATE_HIGH_windowBuf_93 
****************************************
Reference          Library       Unit Area   Count    Total Area   Attributes
-----------------------------------------------------------------------------
CGLPPRX2_HVT       saed32hvt_tt1p05v25c     5.845312       1     5.845312 b, d
-----------------------------------------------------------------------------
Total 1 references                                      5.845312

****************************************
Design: SNPS_CLOCK_GATE_HIGH_windowBuf_94 
****************************************
Reference          Library       Unit Area   Count    Total Area   Attributes
-----------------------------------------------------------------------------
CGLPPRX2_HVT       saed32hvt_tt1p05v25c     5.845312       1     5.845312 b, d
-----------------------------------------------------------------------------
Total 1 references                                      5.845312

****************************************
Design: SNPS_CLOCK_GATE_HIGH_windowBuf_95 
****************************************
Reference          Library       Unit Area   Count    Total Area   Attributes
-----------------------------------------------------------------------------
CGLPPRX2_HVT       saed32hvt_tt1p05v25c     5.845312       1     5.845312 b, d
-----------------------------------------------------------------------------
Total 1 references                                      5.845312

****************************************
Design: SNPS_CLOCK_GATE_HIGH_windowBuf_96 
****************************************
Reference          Library       Unit Area   Count    Total Area   Attributes
-----------------------------------------------------------------------------
CGLPPRX2_HVT       saed32hvt_tt1p05v25c     5.845312       1     5.845312 b, d
-----------------------------------------------------------------------------
Total 1 references                                      5.845312

****************************************
Design: SNPS_CLOCK_GATE_HIGH_windowBuf_97 
****************************************
Reference          Library       Unit Area   Count    Total Area   Attributes
-----------------------------------------------------------------------------
CGLPPRX2_HVT       saed32hvt_tt1p05v25c     5.845312       1     5.845312 b, d
-----------------------------------------------------------------------------
Total 1 references                                      5.845312

****************************************
Design: SNPS_CLOCK_GATE_HIGH_windowBuf_98 
****************************************
Reference          Library       Unit Area   Count    Total Area   Attributes
-----------------------------------------------------------------------------
CGLPPRX2_HVT       saed32hvt_tt1p05v25c     5.845312       1     5.845312 b, d
-----------------------------------------------------------------------------
Total 1 references                                      5.845312

****************************************
Design: SNPS_CLOCK_GATE_HIGH_windowBuf_99 
****************************************
Reference          Library       Unit Area   Count    Total Area   Attributes
-----------------------------------------------------------------------------
CGLPPRX2_HVT       saed32hvt_tt1p05v25c     5.845312       1     5.845312 b, d
-----------------------------------------------------------------------------
Total 1 references                                      5.845312

****************************************
Design: SNPS_CLOCK_GATE_HIGH_windowBuf_100 
****************************************
Reference          Library       Unit Area   Count    Total Area   Attributes
-----------------------------------------------------------------------------
CGLPPRX2_HVT       saed32hvt_tt1p05v25c     5.845312       1     5.845312 b, d
-----------------------------------------------------------------------------
Total 1 references                                      5.845312

****************************************
Design: SNPS_CLOCK_GATE_HIGH_windowBuf_101 
****************************************
Reference          Library       Unit Area   Count    Total Area   Attributes
-----------------------------------------------------------------------------
CGLPPRX2_HVT       saed32hvt_tt1p05v25c     5.845312       1     5.845312 b, d
-----------------------------------------------------------------------------
Total 1 references                                      5.845312

****************************************
Design: SNPS_CLOCK_GATE_HIGH_windowBuf_102 
****************************************
Reference          Library       Unit Area   Count    Total Area   Attributes
-----------------------------------------------------------------------------
CGLPPRX2_HVT       saed32hvt_tt1p05v25c     5.845312       1     5.845312 b, d
-----------------------------------------------------------------------------
Total 1 references                                      5.845312

****************************************
Design: SNPS_CLOCK_GATE_HIGH_windowBuf_103 
****************************************
Reference          Library       Unit Area   Count    Total Area   Attributes
-----------------------------------------------------------------------------
CGLPPRX2_HVT       saed32hvt_tt1p05v25c     5.845312       1     5.845312 b, d
-----------------------------------------------------------------------------
Total 1 references                                      5.845312

****************************************
Design: SNPS_CLOCK_GATE_HIGH_windowBuf_104 
****************************************
Reference          Library       Unit Area   Count    Total Area   Attributes
-----------------------------------------------------------------------------
CGLPPRX2_HVT       saed32hvt_tt1p05v25c     5.845312       1     5.845312 b, d
-----------------------------------------------------------------------------
Total 1 references                                      5.845312

****************************************
Design: SNPS_CLOCK_GATE_HIGH_windowBuf_105 
****************************************
Reference          Library       Unit Area   Count    Total Area   Attributes
-----------------------------------------------------------------------------
CGLPPRX2_HVT       saed32hvt_tt1p05v25c     5.845312       1     5.845312 b, d
-----------------------------------------------------------------------------
Total 1 references                                      5.845312

****************************************
Design: SNPS_CLOCK_GATE_HIGH_windowBuf_106 
****************************************
Reference          Library       Unit Area   Count    Total Area   Attributes
-----------------------------------------------------------------------------
CGLPPRX2_HVT       saed32hvt_tt1p05v25c     5.845312       1     5.845312 b, d
-----------------------------------------------------------------------------
Total 1 references                                      5.845312

****************************************
Design: SNPS_CLOCK_GATE_HIGH_windowBuf_107 
****************************************
Reference          Library       Unit Area   Count    Total Area   Attributes
-----------------------------------------------------------------------------
CGLPPRX2_HVT       saed32hvt_tt1p05v25c     5.845312       1     5.845312 b, d
-----------------------------------------------------------------------------
Total 1 references                                      5.845312

****************************************
Design: SNPS_CLOCK_GATE_HIGH_windowBuf_108 
****************************************
Reference          Library       Unit Area   Count    Total Area   Attributes
-----------------------------------------------------------------------------
CGLPPRX2_HVT       saed32hvt_tt1p05v25c     5.845312       1     5.845312 b, d
-----------------------------------------------------------------------------
Total 1 references                                      5.845312

****************************************
Design: SNPS_CLOCK_GATE_HIGH_windowBuf_109 
****************************************
Reference          Library       Unit Area   Count    Total Area   Attributes
-----------------------------------------------------------------------------
CGLPPRX2_HVT       saed32hvt_tt1p05v25c     5.845312       1     5.845312 b, d
-----------------------------------------------------------------------------
Total 1 references                                      5.845312

****************************************
Design: SNPS_CLOCK_GATE_HIGH_windowBuf_110 
****************************************
Reference          Library       Unit Area   Count    Total Area   Attributes
-----------------------------------------------------------------------------
CGLPPRX2_HVT       saed32hvt_tt1p05v25c     5.845312       1     5.845312 b, d
-----------------------------------------------------------------------------
Total 1 references                                      5.845312

****************************************
Design: SNPS_CLOCK_GATE_HIGH_windowBuf_111 
****************************************
Reference          Library       Unit Area   Count    Total Area   Attributes
-----------------------------------------------------------------------------
CGLPPRX2_HVT       saed32hvt_tt1p05v25c     5.845312       1     5.845312 b, d
-----------------------------------------------------------------------------
Total 1 references                                      5.845312

****************************************
Design: SNPS_CLOCK_GATE_HIGH_windowBuf_112 
****************************************
Reference          Library       Unit Area   Count    Total Area   Attributes
-----------------------------------------------------------------------------
CGLPPRX2_HVT       saed32hvt_tt1p05v25c     5.845312       1     5.845312 b, d
-----------------------------------------------------------------------------
Total 1 references                                      5.845312

****************************************
Design: SNPS_CLOCK_GATE_HIGH_windowBuf_113 
****************************************
Reference          Library       Unit Area   Count    Total Area   Attributes
-----------------------------------------------------------------------------
CGLPPRX2_HVT       saed32hvt_tt1p05v25c     5.845312       1     5.845312 b, d
-----------------------------------------------------------------------------
Total 1 references                                      5.845312

****************************************
Design: SNPS_CLOCK_GATE_HIGH_windowBuf_114 
****************************************
Reference          Library       Unit Area   Count    Total Area   Attributes
-----------------------------------------------------------------------------
CGLPPRX2_HVT       saed32hvt_tt1p05v25c     5.845312       1     5.845312 b, d
-----------------------------------------------------------------------------
Total 1 references                                      5.845312

****************************************
Design: SNPS_CLOCK_GATE_HIGH_windowBuf_115 
****************************************
Reference          Library       Unit Area   Count    Total Area   Attributes
-----------------------------------------------------------------------------
CGLPPRX2_HVT       saed32hvt_tt1p05v25c     5.845312       1     5.845312 b, d
-----------------------------------------------------------------------------
Total 1 references                                      5.845312

****************************************
Design: SNPS_CLOCK_GATE_HIGH_windowBuf_116 
****************************************
Reference          Library       Unit Area   Count    Total Area   Attributes
-----------------------------------------------------------------------------
CGLPPRX2_HVT       saed32hvt_tt1p05v25c     5.845312       1     5.845312 b, d
-----------------------------------------------------------------------------
Total 1 references                                      5.845312

****************************************
Design: SNPS_CLOCK_GATE_HIGH_windowBuf_117 
****************************************
Reference          Library       Unit Area   Count    Total Area   Attributes
-----------------------------------------------------------------------------
CGLPPRX2_HVT       saed32hvt_tt1p05v25c     5.845312       1     5.845312 b, d
-----------------------------------------------------------------------------
Total 1 references                                      5.845312

****************************************
Design: SNPS_CLOCK_GATE_HIGH_windowBuf_118 
****************************************
Reference          Library       Unit Area   Count    Total Area   Attributes
-----------------------------------------------------------------------------
CGLPPRX2_HVT       saed32hvt_tt1p05v25c     5.845312       1     5.845312 b, d
-----------------------------------------------------------------------------
Total 1 references                                      5.845312

****************************************
Design: SNPS_CLOCK_GATE_HIGH_windowBuf_119 
****************************************
Reference          Library       Unit Area   Count    Total Area   Attributes
-----------------------------------------------------------------------------
CGLPPRX2_HVT       saed32hvt_tt1p05v25c     5.845312       1     5.845312 b, d
-----------------------------------------------------------------------------
Total 1 references                                      5.845312

****************************************
Design: SNPS_CLOCK_GATE_HIGH_windowBuf_120 
****************************************
Reference          Library       Unit Area   Count    Total Area   Attributes
-----------------------------------------------------------------------------
CGLPPRX2_HVT       saed32hvt_tt1p05v25c     5.845312       1     5.845312 b, d
-----------------------------------------------------------------------------
Total 1 references                                      5.845312

****************************************
Design: SNPS_CLOCK_GATE_HIGH_windowBuf_121 
****************************************
Reference          Library       Unit Area   Count    Total Area   Attributes
-----------------------------------------------------------------------------
CGLPPRX2_HVT       saed32hvt_tt1p05v25c     5.845312       1     5.845312 b, d
-----------------------------------------------------------------------------
Total 1 references                                      5.845312

****************************************
Design: SNPS_CLOCK_GATE_HIGH_windowBuf_122 
****************************************
Reference          Library       Unit Area   Count    Total Area   Attributes
-----------------------------------------------------------------------------
CGLPPRX2_HVT       saed32hvt_tt1p05v25c     5.845312       1     5.845312 b, d
-----------------------------------------------------------------------------
Total 1 references                                      5.845312

****************************************
Design: SNPS_CLOCK_GATE_HIGH_windowBuf_123 
****************************************
Reference          Library       Unit Area   Count    Total Area   Attributes
-----------------------------------------------------------------------------
CGLPPRX2_HVT       saed32hvt_tt1p05v25c     5.845312       1     5.845312 b, d
-----------------------------------------------------------------------------
Total 1 references                                      5.845312

****************************************
Design: SNPS_CLOCK_GATE_HIGH_windowBuf_124 
****************************************
Reference          Library       Unit Area   Count    Total Area   Attributes
-----------------------------------------------------------------------------
CGLPPRX2_HVT       saed32hvt_tt1p05v25c     5.845312       1     5.845312 b, d
-----------------------------------------------------------------------------
Total 1 references                                      5.845312

****************************************
Design: SNPS_CLOCK_GATE_HIGH_windowBuf_125 
****************************************
Reference          Library       Unit Area   Count    Total Area   Attributes
-----------------------------------------------------------------------------
CGLPPRX2_HVT       saed32hvt_tt1p05v25c     5.845312       1     5.845312 b, d
-----------------------------------------------------------------------------
Total 1 references                                      5.845312

****************************************
Design: SNPS_CLOCK_GATE_HIGH_windowBuf_126 
****************************************
Reference          Library       Unit Area   Count    Total Area   Attributes
-----------------------------------------------------------------------------
CGLPPRX2_HVT       saed32hvt_tt1p05v25c     5.845312       1     5.845312 b, d
-----------------------------------------------------------------------------
Total 1 references                                      5.845312

****************************************
Design: SNPS_CLOCK_GATE_HIGH_windowBuf_127 
****************************************
Reference          Library       Unit Area   Count    Total Area   Attributes
-----------------------------------------------------------------------------
CGLPPRX2_HVT       saed32hvt_tt1p05v25c     5.845312       1     5.845312 b, d
-----------------------------------------------------------------------------
Total 1 references                                      5.845312

****************************************
Design: SNPS_CLOCK_GATE_HIGH_windowBuf_128 
****************************************
Reference          Library       Unit Area   Count    Total Area   Attributes
-----------------------------------------------------------------------------
CGLPPRX2_HVT       saed32hvt_tt1p05v25c     5.845312       1     5.845312 b, d
-----------------------------------------------------------------------------
Total 1 references                                      5.845312
1
