Information: Updating design information... (UID-85)
 
****************************************
Report : qor
Design : medianFilter
Version: F-2011.09-SP4
Date   : Tue Sep 25 03:10:32 2012
****************************************


  Timing Path Group 'REGIN'
  -----------------------------------
  Levels of Logic:               5.00
  Critical Path Length:          0.45
  Critical Path Slack:           2.33
  Critical Path Clk Period:      4.00
  Total Negative Slack:          0.00
  No. of Violating Paths:        0.00
  Worst Hold Violation:          0.00
  Total Hold Violation:          0.00
  No. of Hold Violations:        0.00
  -----------------------------------

  Timing Path Group 'REGOUT'
  -----------------------------------
  Levels of Logic:               0.00
  Critical Path Length:          0.27
  Critical Path Slack:           2.73
  Critical Path Clk Period:      4.00
  Total Negative Slack:          0.00
  No. of Violating Paths:        0.00
  Worst Hold Violation:          0.00
  Total Hold Violation:          0.00
  No. of Hold Violations:        0.00
  -----------------------------------

  Timing Path Group 'ideal_clock1'
  -----------------------------------
  Levels of Logic:              54.00
  Critical Path Length:          3.74
  Critical Path Slack:           0.00
  Critical Path Clk Period:      4.00
  Total Negative Slack:          0.00
  No. of Violating Paths:        0.00
  Worst Hold Violation:         -0.06
  Total Hold Violation:         -1.15
  No. of Hold Violations:       47.00
  -----------------------------------


  Cell Count
  -----------------------------------
  Hierarchical Cell Count:        131
  Hierarchical Port Count:        681
  Leaf Cell Count:               5947
  Buf/Inv Cell Count:            1176
  CT Buf/Inv Cell Count:            0
  Combinational Cell Count:      3666
  Sequential Cell Count:         2281
  Macro Count:                      0
  -----------------------------------


  Area
  -----------------------------------
  Combinational Area:     8362.608426
  Noncombinational Area: 15053.966148
  Net Area:                  0.000000
  Net XLength        :       64437.34
  Net YLength        :       62372.77
  -----------------------------------
  Cell Area:             23416.574574
  Design Area:           23416.574574
  Net Length        :       126810.12


  Design Rules
  -----------------------------------
  Total Number of Nets:          6062
  Nets With Violations:            24
  Max Trans Violations:            10
  Max Cap Violations:              24
  -----------------------------------


  Hostname: icluster14.EECS.Berkeley.EDU

  Compile CPU Statistics
  -----------------------------------------
  Resource Sharing:                    5.85
  Logic Optimization:                 60.82
  Mapping Optimization:              144.45
  -----------------------------------------
  Overall Compile Time:              254.02
  Overall Compile Wall Clock Time:   261.14

1
