 
****************************************
Report : area
Design : medianFilter
Version: F-2011.09-ICC-SP4
Date   : Tue Sep 25 03:09:45 2012
****************************************

Library(s) Used:

    saed32hvt_tt1p05v25c (File: /home/ff/cs250/stdcells/synopsys-32nm/multi_vt/db/saed32hvt_tt1p05v25c.db)
    saed32rvt_tt1p05v25c (File: /home/ff/cs250/stdcells/synopsys-32nm/multi_vt/db/saed32rvt_tt1p05v25c.db)
    saed32lvt_tt1p05v25c (File: /home/ff/cs250/stdcells/synopsys-32nm/multi_vt/db/saed32lvt_tt1p05v25c.db)
    SRAM2RW128x16 (File: /scratch/cs250-af/lab2/ref/SRAM2RW128x16.db)

Number of ports:                           22
Number of nets:                           235
Number of cells:                          136
Number of combinational cells:            108
Number of sequential cells:                25
Number of buf/inv:                         55
Number of references:                      40

Combinational area:       3121.904952
Noncombinational area:    4002.814689
Net Interconnect area:     665.562854  

Total cell area:          7124.719641
Total area:               7790.282495

Hierarchical area distribution
------------------------------

                                  Global cell area            Local cell area
                                  ------------------  ------------------------------- 
Hierarchical cell                 Absolute   Percent  Combi-     Noncombi-  Black
                                  Total      Total    national   national   boxes      Design
--------------------------------  ---------  -------  ---------  ---------  ---------  ----------------------------
medianFilter                      7124.7196    100.0   240.1661   192.6412     0.0000  medianFilter
control_clk_gate_count_reg           5.8453      0.1     0.0000     5.8453     0.0000  SNPS_CLOCK_GATE_HIGH_control
medianSorter                      2508.6555     35.2  2508.6555     0.0000     0.0000  median9
winBuf                            4177.4116     58.6   373.0834   471.4371  3332.8911  windowBuf
--------------------------------  ---------  -------  ---------  ---------  ---------  ----------------------------
Total                                                 3121.9050   669.9236  3332.8911

1
